A51 MACRO ASSEMBLER  4_3                                                                  02/27/2020 11:40:26 PAGE     1


MACRO ASSEMBLER A51 V8.2.7.0
OBJECT MODULE PLACED IN .\Objects\4.3.obj
ASSEMBLER INVOKED BY: C:\Keil_v5\C51\BIN\A51.EXE 4.3.asm SET(SMALL) DEBUG PRINT(.\Listings\4.3.lst) OBJECT(.\Objects\4.3
                      .obj) EP

LOC  OBJ            LINE     SOURCE

----                   1     cseg at 0
0000 5007              2             jnc zero
0002 30D204            3             jnb ov,zero
0005 7F01              4             mov r7,#01h
0007 8002              5             sjmp last
0009                   6             zero:
0009 7F00              7             mov r7,#00h
000B                   8             last:
                       9     
                      10     ;       mov acc.0,c
                      11     ;       mov c,0d0h.2
                      12     ;       mov acc.1,c
                      13     ;       mov c,acc.0
                      14     ;       cjne a,#03,one
                      15     ;       mov r7,#01h
                      16     ;       sjmp last
                      17     ;       one:
                      18     ;       mov r7,#00h
                      19     ;       last:
                      20     ;       clr a
                      21             end
A51 MACRO ASSEMBLER  4_3                                                                  02/27/2020 11:40:26 PAGE     2

SYMBOL TABLE LISTING
------ ----- -------


N A M E             T Y P E  V A L U E   ATTRIBUTES

LAST . . . . . . .  C ADDR   000BH   A   
OV . . . . . . . .  B ADDR   00D0H.2 A   
ZERO . . . . . . .  C ADDR   0009H   A   


REGISTER BANK(S) USED: 0 


ASSEMBLY COMPLETE.  0 WARNING(S), 0 ERROR(S)
