A51 MACRO ASSEMBLER  4_4                                                                  02/27/2020 11:34:48 PAGE     1


MACRO ASSEMBLER A51 V8.2.7.0
OBJECT MODULE PLACED IN .\Objects\4.4.obj
ASSEMBLER INVOKED BY: C:\Keil_v5\C51\BIN\A51.EXE 4.4.asm SET(SMALL) DEBUG PRINT(.\Listings\4.4.lst) OBJECT(.\Objects\4.4
                      .obj) EP

LOC  OBJ            LINE     SOURCE

0000 75F0AA            1     mov b,#0aah
0003 E5F0              2     mov a,b
0005 7808              3     mov r0,#08h
0007                   4     rep:
0007 13                5     rrc a
0008 5001              6     jnc next
000A 0D                7     inc r5
000B                   8     next:
000B D8FA              9     djnz r0,rep
                      10     end
A51 MACRO ASSEMBLER  4_4                                                                  02/27/2020 11:34:48 PAGE     2

SYMBOL TABLE LISTING
------ ----- -------


N A M E             T Y P E  V A L U E   ATTRIBUTES

B. . . . . . . . .  D ADDR   00F0H   A   
NEXT . . . . . . .  C ADDR   000BH   A   
REP. . . . . . . .  C ADDR   0007H   A   


REGISTER BANK(S) USED: 0 


ASSEMBLY COMPLETE.  0 WARNING(S), 0 ERROR(S)
