A51 MACRO ASSEMBLER  LED                                                                  02/27/2020 21:54:33 PAGE     1


MACRO ASSEMBLER A51 V8.2.7.0
OBJECT MODULE PLACED IN .\Objects\led.obj
ASSEMBLER INVOKED BY: C:\Keil_v5\C51\BIN\A51.EXE led.asm SET(SMALL) DEBUG PRINT(.\Listings\led.lst) OBJECT(.\Objects\led
                      .obj) EP

LOC  OBJ            LINE     SOURCE

                       1     extrn code(delay_1ms,delay_100ms,delay_500ms,delay_1s)
0000                   2             main:
0000 C290              3             clr p1.0
0002 1100     F        4             acall delay_500ms
0004 D290              5             setb p1.0
0006 1100     F        6             acall delay_500ms
0008 80F6              7             sjmp main
                       8             end
A51 MACRO ASSEMBLER  LED                                                                  02/27/2020 21:54:33 PAGE     2

SYMBOL TABLE LISTING
------ ----- -------


N A M E             T Y P E  V A L U E   ATTRIBUTES

DELAY_100MS. . . .  C ADDR   -----       EXT
DELAY_1MS. . . . .  C ADDR   -----       EXT
DELAY_1S . . . . .  C ADDR   -----       EXT
DELAY_500MS. . . .  C ADDR   -----       EXT
MAIN . . . . . . .  C ADDR   0000H   A   
P1 . . . . . . . .  D ADDR   0090H   A   


REGISTER BANK(S) USED: 0 


ASSEMBLY COMPLETE.  0 WARNING(S), 0 ERROR(S)
