C51 COMPILER V9.60.0.0   PROJECT2                                                          03/23/2020 13:07:30 PAGE 1   


C51 COMPILER V9.60.0.0, COMPILATION OF MODULE PROJECT2
OBJECT MODULE PLACED IN .\Objects\project2.obj
COMPILER INVOKED BY: C:\Keil_v5\C51\BIN\C51.EXE project2.c OPTIMIZE(8,SPEED) BROWSE DEBUG OBJECTEXTEND PRINT(.\Listings\
                    -project2.lst) TABS(2) OBJECT(.\Objects\project2.obj)

line level    source

   1          #include<reg51.h>
   2          #include"delay_header.h"
   3          #include"lcd_driver.h"
   4          code struct dat
   5          {
   6            unsigned char sid;
   7            long int id;
   8            char name[7];
   9            char amt;
  10          }d[3] = {{1,12345671,"APPLE ",10},{2,12345672,"MANGO ",20},{3,12345673,"ORANGE",30}};
  11          unsigned long int x=0;
  12          unsigned char c=0,n=0,r=0;
  13          unsigned char list[5]; 
  14          void compare(unsigned long int s);
  15          void main()
  16          {
  17   1        lcd_init();
  18   1        lcd_str("Welcome");
  19   1        SCON = 0x50;
  20   1        TMOD = 0x20;
  21   1        TH1=TL1=253;
  22   1        TR1 = 1;
  23   1        EA = EX0 = EX1 = IT0 = IT1 = ES = 1;
  24   1        while(1);
  25   1      }
  26          
  27          void serial(void) interrupt 4
  28          {
  29   1        if(TI == 1)
  30   1        {
  31   2          TI = 0;
  32   2        }
  33   1        if(RI == 1)
  34   1        {
  35   2          RI = 0;
  36   2          x = x*10 + (SBUF-48);
  37   2          c++;
  38   2          if(c==8) compare(x);
  39   2        }
  40   1      }
  41          
  42          void buying(unsigned char s)
  43          {
  44   1        lcd_cmd(0x01);
  45   1        lcd_str("BUYING...");
  46   1        lcd_cmd(0xc0);
  47   1        list[n++] = s;
  48   1      }
  49          
  50          void removing(unsigned char s)
  51          {
  52   1        unsigned char i,j;
  53   1        lcd_cmd(0x01);
  54   1        lcd_str("REJECTING...");
C51 COMPILER V9.60.0.0   PROJECT2                                                          03/23/2020 13:07:30 PAGE 2   

  55   1        lcd_cmd(0xc0);
  56   1        for(i=0;i<n;i++)
  57   1        {
  58   2          if(list[i] == s)
  59   2          {
  60   3            for(j=i;j<4;j++)
  61   3              list[j] = list[j+1];
  62   3            list[4] = 0;
  63   3            n--;
  64   3            return;
  65   3          }
  66   2        }
  67   1        lcd_str("NOT TAKEN");
  68   1      }
  69          
  70          void compare(unsigned long int s)
  71          {
  72   1        unsigned char i;
  73   1        x=0;c=0;
  74   1        for(i=0;i<3;i++)
  75   1        {
  76   2          if(s==d[i].id)
  77   2          {
  78   3            if(r==0) buying(d[i].sid);
  79   3            else removing(d[i].sid);
  80   3            lcd_str(d[i].name);
  81   3            lcd_cmd(0xcd);
  82   3            lcd_num(d[i].amt);
  83   3            return;
  84   3          }
  85   2        }
  86   1        lcd_str("NO PRODUCT");
  87   1      }
  88          
  89          void reject(void) interrupt 0
  90          {
  91   1        r=~r;
  92   1        lcd_cmd(0x01);
  93   1        if(r==0)
  94   1          lcd_str("BUYING...");
  95   1        else
  96   1          lcd_str("REJECTING...");
  97   1      }
  98          
  99          void total(void) interrupt 2
 100          {
 101   1        unsigned char i,j,sum = 0;
 102   1        for(i=0;i<n;i++)
 103   1        {
 104   2          for(j=0;j<3;j++)
 105   2          {
 106   3            if(list[i]==d[j].sid)
 107   3            {
 108   4              sum += d[j].amt;
 109   4              goto end;
 110   4            }
 111   3          }
 112   2          end: continue;
 113   2        }
 114   1        lcd_cmd(0x01);
 115   1        lcd_str("TOTAL AMOUNT...");
 116   1        lcd_cmd(0xc0);
C51 COMPILER V9.60.0.0   PROJECT2                                                          03/23/2020 13:07:30 PAGE 3   

 117   1        lcd_num(sum);
 118   1        lcd_str(" RS");
 119   1      }


MODULE INFORMATION:   STATIC OVERLAYABLE
   CODE SIZE        =    967    ----
   CONSTANT SIZE    =    111    ----
   XDATA SIZE       =   ----    ----
   PDATA SIZE       =   ----    ----
   DATA SIZE        =     12      22
   IDATA SIZE       =   ----    ----
   BIT SIZE         =   ----    ----
END OF MODULE INFORMATION.


C51 COMPILATION COMPLETE.  0 WARNING(S),  0 ERROR(S)
