C51 COMPILER V9.60.0.0   PROJECT4                                                          03/23/2020 20:57:41 PAGE 1   


C51 COMPILER V9.60.0.0, COMPILATION OF MODULE PROJECT4
OBJECT MODULE PLACED IN .\Objects\project4.obj
COMPILER INVOKED BY: C:\Keil_v5\C51\BIN\C51.EXE project4.c OPTIMIZE(8,SPEED) BROWSE DEBUG OBJECTEXTEND PRINT(.\Listings\
                    -project4.lst) TABS(2) OBJECT(.\Objects\project4.obj)

line level    source

   1          #include<reg51.h>
   2          #include"delay_header.h"
   3          #include"lcd_driver.h"
   4          code struct dat
   5          {
   6            unsigned char sid;
   7            unsigned long int id;
   8          }d[3] = {{1,12345671},{2,12345672},{3,12345673}};
   9          unsigned char c=0,n=0;
  10          unsigned char list[5];
  11          unsigned long int x=0;
  12          void compare(unsigned long int s);
  13          void check(unsigned char s);
  14          void entry(unsigned char s);
  15          void exit(unsigned char s,unsigned char i);
  16          void main()
  17          {
  18   1        lcd_init();
  19   1        lcd_str("Welcome");
  20   1        SCON = 0x50;
  21   1        TMOD = 0x20;
  22   1        TH1=TL1=253;
  23   1        TR1 = 1;
  24   1        EA = EX0 = IT0 = ES = 1;
  25   1        while(1);
  26   1      }
  27          
  28          void serial(void) interrupt 4
  29          {
  30   1        if(RI == 1)
  31   1        {
  32   2          RI = 0;
  33   2          x = x*10 + (SBUF-48);
  34   2          c++;
  35   2          if(c==8) compare(x);
  36   2        }
  37   1      }
  38          
  39          void compare(unsigned long int s)
  40          {
  41   1        unsigned char i;
  42   1        x=0;c=0;
  43   1        for(i=0;i<3;i++)
  44   1        {
  45   2          if(s==d[i].id)
  46   2          {
  47   3            check(d[i].sid);
  48   3            return;
  49   3          }
  50   2        }
  51   1        lcd_cmd(0x01);
  52   1        lcd_str("Invalid");
  53   1      }
  54          
C51 COMPILER V9.60.0.0   PROJECT4                                                          03/23/2020 20:57:41 PAGE 2   

  55          void check(unsigned char s)
  56          {
  57   1        unsigned char i;
  58   1        if(n==0)
  59   1          goto call;
  60   1        for(i=0;i<n;i++)
  61   1        {
  62   2          if(s==list[i])
  63   2          {
  64   3            exit(s,i);
  65   3            return;
  66   3          }
  67   2        }
  68   1        call: entry(s);
  69   1      }
  70          
  71          void entry(unsigned char s)
  72          {
  73   1        lcd_cmd(0x01);
  74   1        lcd_str("ENTRY...");
  75   1        lcd_cmd(0xc0);
  76   1        list[n++] = s;
  77   1        lcd_num(s);
  78   1      }
  79          
  80          void exit(unsigned char s,unsigned char i)
  81          {
  82   1        lcd_cmd(0x01);
  83   1        lcd_str("EXIT...");
  84   1        lcd_cmd(0xc0);
  85   1        for(;i<4;i++)
  86   1          list[i] = list[i+1];
  87   1        list[4] = 0;
  88   1        n--;
  89   1        lcd_num(s);
  90   1      }
  91          
  92          //Write the time
  93          /*
  94          void main()
  95          {
  96            unsigned char time[] = {0x50,0x59,0x71};
  97            time_write(time);
  98          }
  99          */


MODULE INFORMATION:   STATIC OVERLAYABLE
   CODE SIZE        =    667    ----
   CONSTANT SIZE    =     48    ----
   XDATA SIZE       =   ----    ----
   PDATA SIZE       =   ----    ----
   DATA SIZE        =     11      23
   IDATA SIZE       =   ----    ----
   BIT SIZE         =   ----    ----
END OF MODULE INFORMATION.


C51 COMPILATION COMPLETE.  0 WARNING(S),  0 ERROR(S)
